// Jest Snapshot v1, https://goo.gl/fbAQLP

exports[`renders without crashing 1`] = `
<main>
  <header
    style={
      Object {
        "alignItems": "center",
        "display": "flex",
        "justifyContent": "space-between",
      }
    }
  >
    <h1>
      NEAR Guest Book
    </h1>
    <button
      onClick={[Function]}
    >
      Log out
    </button>
  </header>
  <form
    onSubmit={[Function]}
  >
    <label>
      Sign the guest book, 
      test1584131642229
      !
      <input
        autoComplete="off"
        autoFocus={true}
        id="message"
      />
    </label>
  </form>
</main>
`;
